[dietketobody.weebly.com/index.html]
[dietketobody.weebly.com/gdpr/gdprscriptc465.js]
[backblue.gif]
[fade.gif]
[index.html]
[cdn2.editmysite.com/css/sites914d.css]
[cdn2.editmysite.com/css/old/fancyboxb143.css]
[cdn2.editmysite.com/css/social-icons03b2.css]
[dietketobody.weebly.com/files/main_style2ae1.css]
[dietketobody.weebly.com/uploads/1/2/2/9/122902070/background-images/1404200096.jpg]
[ajax.googleapis.com/ajax/libs/jquery/1.8.3/jquery.min.js]
[cdn2.editmysite.com/js/lang/en/stldd78.js]
[cdn2.editmysite.com/js/site/main914d.js]
[www.google.com/recaptcha/api.js]
[dietketobody.weebly.com/uploads/1/2/2/9/122902070/editor/premier-keto-diet-order-now23f9.png]
[dietketobody.weebly.com/uploads/1/2/2/9/122902070/main-grabber-desktop-v2_1_orig.png]
[dietketobody.weebly.com/uploads/1/2/2/9/122902070/feature-product_1_orig.jpg]
[dietketobody.weebly.com/uploads/1/2/2/9/122902070/screenshot-1_1_orig.jpg]
[dietketobody.weebly.com/uploads/1/2/2/9/122902070/editor/ddd3926.jpg]
[dietketobody.weebly.com/uploads/1/2/2/9/122902070/traditional-ketosis-diet_1.jpg]
[dietketobody.weebly.com/uploads/1/2/2/9/122902070/vs-vert_1_orig.jpg]
[dietketobody.weebly.com/uploads/1/2/2/9/122902070/vs-vert_1.jpg]
[dietketobody.weebly.com/uploads/1/2/2/9/122902070/ketosis-diet_orig.jpg]
[dietketobody.weebly.com/uploads/1/2/2/9/122902070/ketosis-diet.jpg]
[cdn2.editmysite.com/images/site/footer/footer-toast-published-image-1.png]
[cdn2.editmysite.com/js/site/footerSignup914d.js]
[dietketobody.weebly.com/files/theme/mobiledae9.js]
[dietketobody.weebly.com/files/theme/pluginsdae9.js]
[dietketobody.weebly.com/files/theme/customdae9.js]
[cdn2.editmysite.com/js/site/main-customer-accounts-site914d.js]
[cdn2.editmysite.com/js/wsnbn/snowday262.js]
[dietketobody.weebly.com/index.html]
[cdn2.editmysite.com/images/util/videojs/white-bar.png]
[cdn2.editmysite.com/images/util/videojs/@2x/white-bar.png]
[cdn2.editmysite.com/images/util/videojs/gradient.png]
[cdn2.editmysite.com/images/util/videojs/@2x/gradient.png]
[cdn2.editmysite.com/sprites/util/videojs-sacae758aa2.png]
[cdn2.editmysite.com/sprites/util/videojs/@2x-s2aff7e7d9a.png]
[cdn2.editmysite.com/images/util/videojs/volume-filled.png]
[cdn2.editmysite.com/images/util/videojs/@2x/volume-filled.png]
[cdn2.editmysite.com/images/util/videojs/volume-mute.png]
[cdn2.editmysite.com/images/util/videojs/@2x/volume-mute.png]
[cdn2.editmysite.com/images/util/videojs/blue-bar.png]
[cdn2.editmysite.com/images/util/videojs/@2x/blue-bar.png]
[cdn2.editmysite.com/images/util/videojs/maximize-icon.png]
[cdn2.editmysite.com/images/util/videojs/@2x/maximize-icon.png]
[cdn2.editmysite.com/images/util/videojs/minimize-icon.png]
[cdn2.editmysite.com/images/util/videojs/@2x/minimize-icon.png]
[cdn2.editmysite.com/images/util/videojs/play-icon.png]
[cdn2.editmysite.com/images/util/videojs/@2x/play-icon.png]
[cdn2.editmysite.com/images/util/videojs/sad-face.png]
[cdn2.editmysite.com/images/util/videojs/@2x/sad-face.png]
[cdn2.editmysite.com/images/util/videojs/loading-icon.png]
[cdn2.editmysite.com/images/util/videojs/@2x/loading-icon.png]
[cdn2.editmysite.com/images/common/buttons/small_grey.png]
[cdn2.editmysite.com/images/common/buttons/small_blue.png]
[cdn2.editmysite.com/images/old/button/large_grey.png]
[cdn2.editmysite.com/images/common/buttons/large_blue.png]
[cdn2.editmysite.com/images/common/search-light.png]
[cdn2.editmysite.com/images/common/social_icons.png]
[cdn2.editmysite.com/images/common/blog/blog-comment-button.png]
[cdn2.editmysite.com/images/common/blog/blog-comment-header.png]
[cdn2.editmysite.com/images/common/blog/blog-comment-pointer.png]
[cdn2.editmysite.com/images/common/blog/blog-comment-link.png]
[cdn2.editmysite.com/images/common/blog/blog-comment-header-author.png]
[cdn2.editmysite.com/images/common/blog/blog-comment-pointer-author.png]
[cdn2.editmysite.com/images/common/blog/blog-comment-field-bg.png]
[cdn2.editmysite.com/images/common/blog/dark-blog-comment-header.png]
[cdn2.editmysite.com/images/common/blog/dark-blog-comment-pointer.png]
[cdn2.editmysite.com/images/common/blog/dark-blog-comment-header-author.png]
[cdn2.editmysite.com/images/common/blog/dark-blog-comment-pointer-author.png]
[cdn2.editmysite.com/images/common/blog/dark-blog-comment-link.png]
[cdn2.editmysite.com/images/util/general/blank.gif]
[cdn2.editmysite.com/images/common/lightbox/prevlabel.gif]
[cdn2.editmysite.com/images/common/lightbox/nextlabel.gif]
[cdn2.editmysite.com/sprites/util/inputs/checkmarkBox-s7868418152.png]
[cdn2.editmysite.com/sprites/util/inputs/checkmarkBox/@2x-s211a47d318.png]
[cdn2.editmysite.com/images/util/inputs/search-input-bg.jpg]
[cdn2.editmysite.com/images/common/magnifying-glass.png]
[cdn2.editmysite.com/images/common/checkmarks/checkmark-mini.png]
[cdn2.editmysite.com/images/common/checkmarks/@2x/checkmark-mini.png]
[cdn2.editmysite.com/images/common/search-pagination-bg.png]
[cdn2.editmysite.com/images/util/general/top-triangle-000.png]
[cdn2.editmysite.com/images/util/general/bottom-triangle-000.png]
[cdn2.editmysite.com/images/util/general/top-triangle-000@2x.png]
[cdn2.editmysite.com/images/util/general/bottom-triangle-000@2x.png]
[cdn2.editmysite.com/sprites/common/social-icons-s5ea5500bdb.png]
[cdn2.editmysite.com/sprites/common/social-icons/@2x-s0ae7d70c70.png]
[cdn2.editmysite.com/sprites/site/mini-cart-s86c48effae.png]
[cdn2.editmysite.com/sprites/site/mini-cart/@2x-s576cbc3f90.png]
[cdn2.editmysite.com/images/loading.gif]
[cdn2.editmysite.com/sprites/site/mobile/commerce-sdf6d4e852c.png]
[cdn2.editmysite.com/sprites/site/mobile/commerce/@2x-s82f968c453.png]
[cdn2.editmysite.com/images/site/checkout/paypal.png]
[cdn2.editmysite.com/images/site/checkout/@2x/paypal.png]
[cdn2.editmysite.com/images/site/checkout/credit-cards.png]
[cdn2.editmysite.com/images/site/checkout/@2x/credit-cards.png]
[cdn2.editmysite.com/images/site/checkout/print.png]
[cdn2.editmysite.com/images/site/checkout/print@2x.png]
[cdn2.editmysite.com/images/vendor/select2/select2.png]
[cdn2.editmysite.com/images/vendor/select2/select2-spinner.gif]
[cdn2.editmysite.com/images/vendor/select2/select2x2.png]
[cdn2.editmysite.com/images/util/spinner/spinner-dark.png]
[cdn2.editmysite.com/images/util/spinner/spinner-light.png]
[cdn2.editmysite.com/images/util/loading-white-w24.gif]
[cdn2.editmysite.com/images/common/form_input_bg.gif]
[cdn2.editmysite.com/sprites/site/forms-s3786257308.png]
[cdn2.editmysite.com/sprites/site/forms/@2x-s47607b315a.png]
[cdn2.editmysite.com/images/blank.gif]
[cdn2.editmysite.com/images/old/photoswipe/loader.gif]
[cdn2.editmysite.com/images/old/photoswipe/error.gif]
[cdn2.editmysite.com/images/old/photoswipe/icons.png]
[cdn2.editmysite.com/images/old/photoswipe/icons@2x.png]
[cdn2.editmysite.com/css/sites914d.css]
[cdn2.editmysite.com/images/old/fancybox/fancybox_sprite.png]
[cdn2.editmysite.com/images/old/fancybox/fancybox_loading.gif]
[cdn2.editmysite.com/images/old/fancybox/blank.gif]
[cdn2.editmysite.com/images/old/fancybox/fancybox_overlay.png]
[cdn2.editmysite.com/css/old/fancyboxb143.css]
[cdn2.editmysite.com/css/social-icons03b2.css]
[dietketobody.weebly.com/files/theme/images/default-bg2ae1.jpg]
[dietketobody.weebly.com/files/theme/images/select-dropdown2ae1.png]
[dietketobody.weebly.com/files/main_style2ae1.css]
[cdn2.editmysite.com/js/lang/en/stldd78.js]
[cdn2.editmysite.com/js/site/main914d.js]
[cdn2.editmysite.com/js/site/footerSignup914d.js]
[cdn2.editmysite.com/js/site/main-customer-accounts-site914d.js]
[cdn2.editmysite.com/js/wsnbn/snowday262.js]
[dietketobody.weebly.com/files/theme/images/search2ae1.svg]
[dietketobody.weebly.com/r.html]
[dietketobody.weebly.com/mustache.html]
[dietketobody.weebly.com/GET.html]
[dietketobody.weebly.com/formSubmit.html]
[dietketobody.weebly.com/formSubmitAjax.html]
[dietketobody.weebly.com/weebly/libraries/videojs/video-js.html]
[dietketobody.weebly.com/AppleWebKit/index.html]
[dietketobody.weebly.com/Mobile/index.html]
[dietketobody.weebly.com/ecommerce.html]
[dietketobody.weebly.com/data functions should return an object_.html]
[dietketobody.weebly.com/edge/index.html]
[dietketobody.weebly.com/You are running Vue in development mode.html]
[dietketobody.weebly.com/store/account/index.html]
[dietketobody.weebly.com/images/customer-accounts/arrow-left.html]
[dietketobody.weebly.com/images/customer-accounts/check.html]
[dietketobody.weebly.com/images/customer-accounts/close-icon.html]
[dietketobody.weebly.com/dist/index.html]
[dietketobody.weebly.com/ABCDEFGHIJKLMNOPQRSTUVWXYZabcdefghijklmnopqrstuvwxyz0123456789+/index.html]
[dietketobody.weebly.com/payload.html]
[dietketobody.weebly.com/POST.html]
